[
"## Errors ##",
"RemoteTestDriver 'remoteTestDrivers/foo/baz/brr': name must be of the form 'remoteTestDrivers/{remoteTestDriver}', found trailing suffix 'baz/brr'"
]