[
"## Errors ##",
"Test 'remoteTestDrivers/tauto/tests/foo/baz/brr': name must be of the form 'tests/{test}', found trailing suffix 'baz/brr'"
]